

HI-TECH Software 8051 Macro Assembler V9.60                                Page 1
                                                       Sat Jun 15 10:53:22 2013

     1                           	psect	idata,class=DATA,space=1,limit=080h
     2                           	psect	irdata,class=DATA,limit=080h
     3                           	global	_main
     4                           	signat	_main,88
     5                           	global	stack_internal
     6                           	psect	text,class=CODE
     7                           	psect	text
     8                           	file	"D:\alok\EC\Multisim\MCUEXT~1\LCDAND~1\pro
                                 ject1\main.c"
     9                           	line	2
    10  0000F                     _main:
    11  0000F  80 01              	j	f11
    12  00011                     f10:
    13                           ;main.c: 1: void main()
    14                           
    15                           ;main.c: 2: {
    16                           
    17                           ;main.c: 4: }
    18                           
    19                           	line	4
    20  00011                     l1:
    21  00011  22                 	ret
    22  00012                     f11:
    23  00012  80 FD              	j	f10
    24  0000                     f12	equ	0


HI-TECH Software 8051 Macro Assembler V9.60                                Page 2
Symbol Table                                           Sat Jun 15 10:53:22 2013

            l1 00011             f10 00011             f11 00012  
           f12 00000  stack_internal 00001           _main 0000F  
