HI-TECH Software 8051-C Compiler V9.60

Linker command line:

--edf=C:\PROGRA~1\HI-TEC~1\HC51\9.60\dat\en_msgs.txt \
  -h+D:\alok\SIMULA~1\Multisim\MULTIS~1\LCDDIS~1\LCDDIS~1\LCD Disp.sym -z \
  -Q8051AH -ol.obj \
  -MD:\alok\SIMULA~1\Multisim\MULTIS~1\LCDDIS~1\LCDDIS~1\LCD Disp.map -E1 \
  -ver=8051-C#V9.60 -ACODE=00h-0FFFh -pvectors=00h \
  -prbit=0/20h,rbss,rdata/CODE,irdata/CODE,idata/rbss -pbss=XDATA/idata \
  -pdata=CODE+100h -pconst=CODE+100h -pstrings=CODE+100h -pnvram=bss,heap \
  C:\DOCUME~1\alok\LOCALS~1\Temp\s1h4.obj \
  D:\alok\SIMULA~1\Multisim\MULTIS~1\LCDDIS~1\LCDDIS~1\display_0.obj \
  C:\PROGRA~1\HI-TEC~1\HC51\9.60\lib\51--nsc.lib 

Object code version is 3.8

Machine type is 8051AH

Call graph:

*start1 size 0,0 offset 0
*    _main size 0,0 offset 0
         _dispcommand size 0,0 offset 0
             _command size 0,1 offset 0
                 _delay size 0,4 offset 3
                 _LCD_busy size 0,0 offset 3
         _transmit_data size 0,3 offset 0
*        _dis size 0,3 offset 0
             _display size 0,0 offset 3
                 _LCD_busy size 0,0 offset 3
*            _delay size 0,4 offset 3
*        _delay size 0,4 offset 3

		Name          Link     Load   Length Selector Space Scale
C:\DOCUME~1\alok\LOCALS~1\Temp\s1h4.obj
		vectors          0        0        3       0     0
		text            76       76       14       0     0
D:\alok\SIMULA~1\Multisim\MULTIS~1\LCDDIS~1\LCDDIS~1\display_0.obj
		strings        100      100        5     100     0
		text           105      105      16B     100     0

C:\PROGRA~1\HI-TEC~1\HC51\9.60\lib\51--nsc.lib
ldc_byte.obj    text             3        3       73       0     0
powerup.obj     text            8A       8A        3       0     0

COMMON          rbss            20       20        7      20     1

TOTAL		Name          Link     Load   Length
	CLASS	CODE     
		vectors          0        0        3
		text            76       76       14
		strings        100      100        5
		text           105      105      16B
		text             3        3       73
		text            8A       8A        3

	CLASS	DATA     
		rbss            20       20        7

	CLASS	XDATA    

	CLASS	BITSEG   



SEGMENTS	Name		Load	Length	 Top	Selector    Space Class

		vectors         000000	00008D	00008D	       0       0  CODE    
		rbit            000020	000007	000027	      20       1  BITSEG  
		data            000100	000170	000270	     100       0  CODE    


UNUSED ADDRESS RANGES

	CODE             08D-0FF
	                 270-FFF

                                  Symbol Table

?a_command       rbss    020  ?a_delay         rbss    023
?a_dis           rbss    020  ?a_transmit_data rbss    020
_LCD_busy        text    256  __Bbss           bss     027
__Bidata         idata   027  __Birdata        irdata  003
__Brbit          rbit    020  __Brdata         rdata   003
__Hbss           bss     027  __Hcode          code    027
__Hconst         const   100  __Hdata          data    100
__Hheap          heap    027  __Hidata         idata   027
__Hirdata        irdata  027  __Hnvram         nvram   027
__Hrbit          rbit    000  __Hrbss          rbss    027
__Hrdata         rdata   027  __Hstrings       strings 105
__Htext          text    027  __Hvectors       vectors 003
__Lbss           bss     027  __Lcode          code    027
__Lconst         const   100  __Ldata          data    100
__Lheap          heap    027  __Lidata         idata   027
__Lirdata        irdata  027  __Lnvram         nvram   027
__Lrbit          rbit    000  __Lrbss          rbss    020
__Lrdata         rdata   027  __Lstrings       strings 100
__Ltext          text    027  __Lvectors       vectors 000
__S0             (abs)   270  _command         text    158
_delay           text    182  _dis             text    1E5
_dispcommand     text    134  _display         text    16F
_exit            text    087  _main            text    105
_transmit_data   text    21B  intlevel0        (abs)   000
intlevel1        (abs)   000  ldb_r0           text    012
ldb_r1           text    01F  ldb_r2           text    02C
ldb_r3           text    039  ldb_r4           text    046
ldb_r5           text    053  ldb_r6           text    060
ldb_r7           text    06D  ldc_byte         text    003
ldc_r0           text    00E  ldc_r1           text    01B
ldc_r2           text    028  ldc_r3           text    035
ldc_r4           text    042  ldc_r5           text    04F
ldc_r6           text    05C  ldc_r7           text    069
powerup          text    08A  small_model      (abs)   001
stack_internal   (abs)   001  start            vectors 000
start1           text    076  
